// Jest Snapshot v1, https://goo.gl/fbAQLP

exports[`Test on GridItem should match the snapshot 1`] = `
<div>
  <div
    class="card"
  >
    <img
      alt="Hi"
      src="https://www.oshyn.com/"
    />
    <p>
      Hi
    </p>
  </div>
</div>
`;
